[au7-quiz.xyz/intro.html]
[backblue.gif]
[fade.gif]
[index.html]
[i.imgur.com/najoOd3.jpg]
[au7-quiz.xyz/public/commona8b2.css]
[au7-quiz.xyz/public/jquery-3.6.0.min.js]
[au7-quiz.xyz/public/commonfd68.js]
[au7-quiz.xyz/support.html]
[au7-quiz.xyz/img/head.png]
[au7-quiz.xyz/img/Answer_pc_Home.png]
[au7-quiz.xyz/img/Answer_pc_User-area.png]
[au7-quiz.xyz/img/Answer_pc_Support.png]
[au7-quiz.xyz/img/Answer_pc_F.A.Q.png]
[au7-quiz.xyz/img/Answer_pc_Language.png]
[au7-quiz.xyz/img/Answer_pc_Rules.png]
[au7-quiz.xyz/public/toastr.minc81e.css]
[au7-quiz.xyz/public/ext-component-toastrc81e.css]
[au7-quiz.xyz/public/toastr.min.js]
[au7-quiz.xyz/public/vendors.min.js]
[au7-quiz.xyz/fetch.html]
[au7-quiz.xyz/img/Answer_7.png]
[au7-quiz.xyz/img/Answer_14.png]
[au7-quiz.xyz/img/Answer_5.png]
[au7-quiz.xyz/img/Answer_13.png]
[au7-quiz.xyz/n_question.html]
[au7-quiz.xyz/intro.html]
[au7-quiz.xyz/index.html]
[au7-quiz.xyz/signin.html]
[au7-quiz.xyz/img/Answer_bg.jpg]
[au7-quiz.xyz/img/Answer_15.png]
[au7-quiz.xyz/img/Answer_1.png]
[au7-quiz.xyz/public/commona8b2.css]
[au7-quiz.xyz/public/commonfd68.css]
[au7-quiz.xyz/public/sweetalert-devfd68.js]
[au7-quiz.xyz/public/sweetalert.css]
[au7-quiz.xyz/img/Answer_18.png]
[au7-quiz.xyz/support.html]
[au7-quiz.xyz/public/toastr.minc81e.css]
[au7-quiz.xyz/public/ext-component-toastrc81e.css]
[au7-quiz.xyz/fetch.html]
[au7-quiz.xyz/public/common.js]
[au7-quiz.xyz/public/common6512.css]
[au7-quiz.xyz/public/common1446.js]
[au7-quiz.xyz/public/sweetalert-dev1446.js]
[au7-quiz.xyz/signinb2a1.html]
[au7-quiz.xyz/img/Answer_11.png]
[au7-quiz.xyz/img/Answer_12.png]
[au7-quiz.xyz/n_question.html]
[au7-quiz.xyz/forget.html]
[ulogin.ru/js/ulogin.js]
[au7-quiz.xyz/signin.html]
[au7-quiz.xyz/apic94c.json]
[au7-quiz.xyz/public/commonfd68.css]
[au7-quiz.xyz/public/sweetalert.css]
[au7-quiz.xyz/public/common6512.css]
[au7-quiz.xyz/signinb2a1.html]
[au7-quiz.xyz/forget.html]
[au7-quiz.xyz/api6974.json]
[au7-quiz.xyz/$1/index.html]
[au7-quiz.xyz/AppleWebKit/index.html]
[au7-quiz.xyz/+uLogin.ids[b].31.delayed]
[au7-quiz.xyz/version/3.0/html/weight_set.html]
[au7-quiz.xyz/auth.php]
[au7-quiz.xyz/url.php]
[ulogin.ru/js/ulogin.js]
[hm.baidu.com/hm30f8.js]
[hm.baidu.com/hm1e3c.js]
[au7-quiz.xyz/$1/index.html]
[au7-quiz.xyz/AppleWebKit/index.html]
[au7-quiz.xyz/+uLogin.ids[b].html]
[ajax.googleapis.com/ajax/libs/jquery/1.11.1/jquery.min.js]
[au7-quiz.xyz/version/3.0/html/buttons_receiver.html]
[ah0-quiz.xyz/public/commonscripts326e.js]
[au7-quiz.xyz/version/3.0/html/ah0-quiz.html]
[au0-quiz.xyz/public/commonscripts326e.js]
[au7-quiz.xyz/version/3.0/html/au0-quiz.html]
[au7-quiz.xyz/public/commonscripts326e.js]
[au7-quiz.xyz/version/3.0/html/au7-quiz.html]
[ah7-quiz.xyz/public/commonscripts326e.js]
[au7-quiz.xyz/version/3.0/html/weight_set.html]
[au7-quiz.xyz/auth.html]
[au7-quiz.xyz/url.html]
[au7-quiz.xyz/version/3.0/html/ah7-quiz.html]
[ah0-quiz.xyz/public/commonscripts33a9.js]
[au0-quiz.xyz/public/commonscripts33a9.js]
[au7-quiz.xyz/public/commonscripts33a9.js]
[au7-quiz.xyz/version/3.0/html/buttons_receiver.html]
[ah7-quiz.xyz/public/commonscripts33a9.js]
[ah0-quiz.xyz/public/commonscripts3abc.js]
[au0-quiz.xyz/public/commonscripts3abc.js]
[au7-quiz.xyz/public/commonscripts3abc.js]
[au7-quiz.xyz/version/3.0/html/ah0-quiz.html]
[ah7-quiz.xyz/public/commonscripts3abc.js]
[ah0-quiz.xyz/public/commonscripts6b53.js]
[au7-quiz.xyz/public/commonscripts6b53.js]
[au0-quiz.xyz/public/commonscripts6b53.js]
[au7-quiz.xyz/version/3.0/html/au0-quiz.html]
[ah7-quiz.xyz/public/commonscripts6b53.js]
[ah0-quiz.xyz/public/commonscripts0f25.js]
[au0-quiz.xyz/public/commonscripts0f25.js]
[au7-quiz.xyz/public/commonscripts0f25.js]
[au7-quiz.xyz/version/3.0/html/au7-quiz.html]
[ah7-quiz.xyz/public/commonscripts0f25.js]
[ah0-quiz.xyz/public/commonscriptse5df.js]
[au0-quiz.xyz/public/commonscriptse5df.js]
[au7-quiz.xyz/public/commonscriptse5df.js]
[au7-quiz.xyz/version/3.0/html/ah7-quiz.html]
[ah7-quiz.xyz/public/commonscriptse5df.js]
